[kr_rules] finish_xy 출처: route.pkl(CSV 마지막 행)
t=   0.0  road/lane=  2467/-1  s_route=    0.5m  v= 0.00→ 1.19 m/s  steer=-0.000  accel=+0.10  lead
t=   1.0  road/lane=  2467/-1  s_route=   13.1m  v= 4.48→ 5.63 m/s  steer=-0.000  accel=+0.92  lead
t=   2.0  road/lane=  2467/-2  s_route=   50.7m  v= 9.52→10.19 m/s  steer=+0.042  accel=+0.54  light
t=   3.0  road/lane=  2467/-1  s_route=   76.4m  v= 3.13→ 8.33 m/s  steer=-0.029  accel=+2.00  none
t=   4.0  road/lane=  2542/-1  s_route=  105.0m  v= 4.05→ 4.78 m/s  steer=-0.001  accel=-2.50  lead
t=   5.0  road/lane=  2542/-1  s_route=  113.4m  v= 3.20→ 4.31 m/s  steer=-0.001  accel=+0.89  lead
t=   6.0  road/lane=  2542/-1  s_route=  131.7m  v= 6.85→ 8.33 m/s  steer=+0.351  accel=+1.19  none
t=   7.0  road/lane=   2533/2  s_route=  166.2m  v=10.37→12.50 m/s  steer=-0.002  accel=+1.64  none
t=   8.0  road/lane=   2533/2  s_route=  215.9m  v=10.43→10.11 m/s  steer=+0.001  accel=-4.00  route_end
[kr_rules] 정적 장애물 회피 — right 로 경로 시프트 (id=[2], 구간 2296~3038, p1, single)
t=   9.0  road/lane=   2533/3  s_route=  264.0m  v= 8.32→ 8.43 m/s  steer=-0.013  accel=-0.10  route_end
[kr_rules] 정적 장애물 회피 — right 로 경로 시프트 (id=[7, 3, 4], 구간 3101~4067, p1, single)
t=  10.0  road/lane=   2533/2  s_route=  317.3m  v= 4.77→ 5.93 m/s  steer=-0.072  accel=-1.32  light
t=  11.0  road/lane=   2533/3  s_route=  353.0m  v= 8.20→ 9.11 m/s  steer=+0.001  accel=+0.73  light
t=  12.1  road/lane=   2533/3  s_route=  379.2m  v= 3.62→ 4.80 m/s  steer=+0.000  accel=+0.94  light
t=  13.1  road/lane=   2533/3  s_route=  418.8m  v= 9.12→12.50 m/s  steer=-0.000  accel=+2.00  none
t=  14.1  road/lane=   2533/3  s_route=  478.1m  v= 6.01→ 8.33 m/s  steer=-0.000  accel=-2.60  none
t=  15.1  road/lane=  2765/-2  s_route=  505.2m  v= 7.44→ 7.80 m/s  steer=+0.001  accel=+0.28  route_end
t=  16.1  road/lane=   2756/2  s_route=  552.8m  v= 8.34→ 8.66 m/s  steer=-0.000  accel=+0.26  route_end
t=  17.1  road/lane=   2756/2  s_route=  618.7m  v=10.47→10.43 m/s  steer=-0.001  accel=-0.24  route_end
[main] 틱 1822회 종료
