[kr_rules] finish_xy 출처: route.pkl(CSV 마지막 행)
t=   0.0  road/lane=   1222/1  s_route=    0.5m  v= 0.00→ 1.20 m/s  steer=-0.041  accel=+0.10  light
t=   1.0  road/lane=   1222/2  s_route=   21.0m  v= 5.92→ 7.03 m/s  steer=+0.004  accel=+0.89  light
t=   2.0  road/lane=   1222/2  s_route=   76.5m  v=10.27→10.84 m/s  steer=+0.000  accel=+0.45  light
t=   3.0  road/lane=   1222/2  s_route=  148.5m  v=12.47→ 8.33 m/s  steer=-0.000  accel=-1.78  none
t=   4.0  road/lane=  1241/-1  s_route=  177.5m  v= 4.53→ 8.33 m/s  steer=-0.002  accel=+2.00  none
t=   5.0  road/lane=  1241/-1  s_route=  208.2m  v= 8.14→ 8.33 m/s  steer=-0.000  accel=-0.18  none
t=   6.0  road/lane=    173/1  s_route=  236.3m  v= 2.60→ 6.94 m/s  steer=+0.006  accel=-1.60  none
t=   7.0  road/lane=    173/1  s_route=  244.5m  v= 3.62→ 6.94 m/s  steer=+0.014  accel=+2.00  none
[kr_rules] 데드락 해제 진입 — BREAKOUT L1 (기각 4.0 s)
[kr_rules] BREAKOUT 단계 상승 → L2
[kr_rules] 정적 장애물 회피 — left 로 경로 시프트 (id=[2], 구간 2856~3454, p1, single)
t=   8.0  road/lane=    173/2  s_route=  275.1m  v= 5.62→ 6.38 m/s  steer=+0.025  accel=+0.61  route_end
t=   9.0  road/lane=    173/1  s_route=  325.3m  v= 6.06→ 5.87 m/s  steer=-0.065  accel=-0.42  route_end
t=  10.0  road/lane=    173/2  s_route=  363.0m  v= 6.26→ 6.58 m/s  steer=+0.001  accel=+0.20  light
[kr_rules] 정적 장애물 회피 — left 로 경로 시프트 (id=[3, 4], 구간 4162~4870, p1, single)
t=  11.0  road/lane=    173/2  s_route=  397.2m  v= 5.40→ 5.54 m/s  steer=+0.004  accel=-3.80  route_end
t=  12.1  road/lane=    173/2  s_route=  411.2m  v= 4.60→ 5.29 m/s  steer=-0.011  accel=+0.55  route_end
t=  13.1  road/lane=    173/1  s_route=  443.1m  v= 6.05→ 6.93 m/s  steer=+0.024  accel=+0.70  route_end
t=  14.1  road/lane=    173/1  s_route=  452.0m  v= 0.00→ 0.00 m/s  steer=-0.024  accel=-1.00  route_end
[kr_rules] 데드락 해제 진입 — BREAKOUT L1 (정지 4.0 s)
[kr_rules] 정적 장애물 회피 — right 로 경로 시프트 (id=[5], 구간 4591~4981, p1, single)
t=  15.1  road/lane=    173/1  s_route=  452.0m  v= 0.00→ 0.00 m/s  steer=-0.024  accel=-1.00  route_end
t=  16.1  road/lane=    173/1  s_route=  452.0m  v= 0.00→ 0.00 m/s  steer=-0.024  accel=-1.00  route_end
t=  17.1  road/lane=    173/1  s_route=  452.0m  v= 0.00→ 0.00 m/s  steer=-0.024  accel=-1.00  route_end
[kr_rules] 데드락 해제 진입 — BREAKOUT L1 (정지 4.0 s)
[kr_rules] 정적 장애물 회피 — right 로 경로 시프트 (id=[5], 구간 4591~4981, p1, single)
t=  18.1  road/lane=    173/1  s_route=  452.0m  v= 0.00→ 0.00 m/s  steer=-0.024  accel=-1.00  route_end
[main] 틱 1946회 종료
