[kr_rules] finish_xy 출처: route.pkl(CSV 마지막 행)
t=   0.0  road/lane=   1222/1  s_route=    0.5m  v= 0.00→ 1.20 m/s  steer=-0.041  accel=+0.10  light
t=   1.0  road/lane=   1222/1  s_route=   13.4m  v= 4.63→ 5.80 m/s  steer=-0.021  accel=+0.93  light
t=   2.0  road/lane=   1222/2  s_route=   71.5m  v=10.29→10.86 m/s  steer=-0.000  accel=+0.45  light
t=   3.0  road/lane=   1222/2  s_route=  163.4m  v= 7.93→ 8.33 m/s  steer=+0.000  accel=-3.60  none
t=   4.0  road/lane=  1241/-1  s_route=  198.0m  v= 8.66→ 8.33 m/s  steer=-0.000  accel=-0.07  none
t=   5.0  road/lane=    173/1  s_route=  237.1m  v= 1.87→ 6.94 m/s  steer=+0.007  accel=-0.80  none
[kr_rules] 데드락 해제 진입 — BREAKOUT L1 (기각 4.0 s)
t=   6.0  road/lane=    173/2  s_route=  255.5m  v= 6.52→ 6.94 m/s  steer=+0.008  accel=+0.34  none
[kr_rules] BREAKOUT 단계 상승 → L2
[kr_rules] 정적 장애물 회피 — left 로 경로 시프트 (id=[2], 구간 2856~3454, p1, single)
t=   7.0  road/lane=    173/2  s_route=  292.8m  v= 6.16→ 6.39 m/s  steer=+0.100  accel=+0.19  route_end
t=   8.0  road/lane=    173/1  s_route=  331.6m  v= 4.97→ 5.73 m/s  steer=-0.105  accel=+0.28  light
t=   9.0  road/lane=    173/2  s_route=  363.0m  v= 6.26→ 6.58 m/s  steer=+0.001  accel=+0.20  light
[kr_rules] 정적 장애물 회피 — left 로 경로 시프트 (id=[3, 4], 구간 4162~4870, p1, single)
t=  10.0  road/lane=    173/2  s_route=  391.4m  v= 6.51→ 6.11 m/s  steer=+0.008  accel=-0.08  route_end
t=  11.0  road/lane=    173/2  s_route=  414.2m  v= 5.04→ 5.29 m/s  steer=-0.013  accel=+0.03  route_end
t=  12.1  road/lane=    173/1  s_route=  452.0m  v= 0.00→ 0.80 m/s  steer=-0.024  accel=+0.64  route_end
[kr_rules] 데드락 해제 진입 — BREAKOUT L1 (정지 4.0 s)
[kr_rules] 정적 장애물 회피 — right 로 경로 시프트 (id=[5], 구간 4591~4981, p1, single)
t=  13.1  road/lane=    173/1  s_route=  452.0m  v= 0.00→ 0.00 m/s  steer=-0.024  accel=-1.00  route_end
t=  14.1  road/lane=    173/1  s_route=  452.0m  v= 0.00→ 0.00 m/s  steer=-0.024  accel=-1.00  route_end
t=  15.1  road/lane=    173/1  s_route=  452.0m  v= 0.00→ 0.80 m/s  steer=-0.024  accel=+0.64  route_end
[kr_rules] 데드락 해제 진입 — BREAKOUT L1 (정지 4.0 s)
[kr_rules] 정적 장애물 회피 — right 로 경로 시프트 (id=[5], 구간 4591~4981, p1, single)
[main] 틱 1946회 종료
