[kr_rules] finish_xy 출처: route.pkl(CSV 마지막 행)
t=   0.0  road/lane=   1222/1  s_route=    0.5m  v= 0.00→ 1.20 m/s  steer=-0.041  accel=+0.10  light
t=   1.0  road/lane=   1222/2  s_route=   43.1m  v= 8.50→ 9.37 m/s  steer=-0.009  accel=+0.70  light
t=   2.0  road/lane=   1222/2  s_route=  140.5m  v=12.48→12.50 m/s  steer=-0.000  accel=+0.02  none
t=   3.0  road/lane=  1241/-1  s_route=  185.4m  v= 7.00→ 8.33 m/s  steer=-0.003  accel=+1.07  none
t=   4.0  road/lane=    173/1  s_route=  230.0m  v= 7.49→ 6.94 m/s  steer=-0.009  accel=-4.00  none
t=   5.0  road/lane=    173/1  s_route=  239.5m  v= 1.61→ 6.94 m/s  steer=+0.010  accel=-0.70  none
[kr_rules] 데드락 해제 진입 — BREAKOUT L1 (기각 4.0 s)
t=   6.0  road/lane=    173/2  s_route=  251.7m  v= 6.06→ 6.94 m/s  steer=+0.022  accel=+0.71  none
[kr_rules] BREAKOUT 단계 상승 → L2
[kr_rules] 정적 장애물 회피 — left 로 경로 시프트 (id=[2], 구간 2856~3454, p1, single)
t=   7.0  road/lane=    173/2  s_route=  285.5m  v= 6.17→ 6.38 m/s  steer=+0.085  accel=-0.21  route_end
t=   8.0  road/lane=    173/1  s_route=  326.0m  v= 5.08→ 5.82 m/s  steer=-0.080  accel=-0.12  light
t=   9.0  road/lane=    173/2  s_route=  377.2m  v= 6.59→ 6.76 m/s  steer=-0.001  accel=-0.06  light
[kr_rules] 정적 장애물 회피 — left 로 경로 시프트 (id=[3, 4], 구간 4162~4870, p1, single)
t=  10.0  road/lane=    173/2  s_route=  404.6m  v= 2.38→ 3.54 m/s  steer=-0.005  accel=+0.93  light
t=  11.0  road/lane=    173/1  s_route=  447.9m  v= 6.62→ 4.38 m/s  steer=+0.007  accel=-3.80  route_end
[kr_rules] 데드락 해제 진입 — BREAKOUT L1 (정지 4.0 s)
[kr_rules] 정적 장애물 회피 — right 로 경로 시프트 (id=[5], 구간 4591~4981, p1, single)
t=  12.1  road/lane=    173/1  s_route=  452.0m  v= 0.00→ 0.00 m/s  steer=-0.024  accel=-1.00  route_end
t=  13.1  road/lane=    173/1  s_route=  452.0m  v= 0.00→ 0.00 m/s  steer=-0.024  accel=-1.00  route_end
t=  14.1  road/lane=    173/1  s_route=  452.0m  v= 0.00→ 0.00 m/s  steer=-0.024  accel=-1.00  route_end
t=  15.1  road/lane=    173/1  s_route=  452.0m  v= 0.00→ 0.00 m/s  steer=-0.024  accel=-1.00  route_end
[kr_rules] 데드락 해제 진입 — BREAKOUT L1 (정지 4.0 s)
[kr_rules] 정적 장애물 회피 — right 로 경로 시프트 (id=[5], 구간 4591~4981, p1, single)
t=  16.1  road/lane=    173/1  s_route=  452.0m  v= 0.00→ 0.00 m/s  steer=-0.024  accel=-1.00  route_end
[main] 틱 1946회 종료
