[kr_rules] finish_xy 출처: route.pkl(CSV 마지막 행)
t=   0.0  road/lane=   1222/1  s_route=    0.5m  v= 0.00→ 1.20 m/s  steer=-0.041  accel=+0.10  light
t=   1.0  road/lane=   1222/1  s_route=   12.2m  v= 4.79→ 5.95 m/s  steer=-0.025  accel=+0.92  light
t=   2.0  road/lane=   1222/2  s_route=   53.6m  v= 9.88→10.54 m/s  steer=-0.000  accel=+0.52  light
t=   3.0  road/lane=   1222/2  s_route=  102.2m  v=12.18→12.50 m/s  steer=-0.000  accel=+0.25  none
t=   4.0  road/lane=   1222/2  s_route=  157.6m  v=10.58→ 8.33 m/s  steer=-0.000  accel=-4.00  none
t=   5.0  road/lane=  1241/-1  s_route=  190.3m  v= 7.56→ 8.33 m/s  steer=+0.001  accel=+0.35  none
t=   6.0  road/lane=    173/1  s_route=  230.8m  v= 7.04→ 6.94 m/s  steer=-0.009  accel=-3.90  none
t=   7.0  road/lane=    173/1  s_route=  243.9m  v= 3.29→ 6.94 m/s  steer=+0.013  accel=+2.00  none
[kr_rules] 데드락 해제 진입 — BREAKOUT L1 (기각 4.0 s)
[kr_rules] BREAKOUT 단계 상승 → L2
[kr_rules] 정적 장애물 회피 — left 로 경로 시프트 (id=[2], 구간 2856~3454, p1, single)
t=   8.0  road/lane=    173/2  s_route=  295.8m  v= 6.25→ 6.39 m/s  steer=+0.042  accel=+0.11  route_end
t=   9.1  road/lane=    173/2  s_route=  342.7m  v= 5.19→ 5.87 m/s  steer=+0.149  accel=+0.43  route_end
t=  10.1  road/lane=    173/2  s_route=  370.7m  v= 6.47→ 6.69 m/s  steer=-0.001  accel=+0.18  light
[kr_rules] 정적 장애물 회피 — left 로 경로 시프트 (id=[3, 4], 구간 4162~4870, p1, single)
t=  11.1  road/lane=    173/2  s_route=  397.3m  v= 5.32→ 5.54 m/s  steer=+0.004  accel=-3.70  route_end
t=  12.1  road/lane=    173/2  s_route=  406.2m  v= 2.99→ 5.54 m/s  steer=-0.006  accel=+1.83  route_end
t=  13.1  road/lane=    173/1  s_route=  435.9m  v= 5.60→ 6.94 m/s  steer=-0.105  accel=+0.44  none
t=  14.1  road/lane=    173/1  s_route=  452.0m  v= 0.00→ 3.55 m/s  steer=-0.024  accel=+2.00  route_end
[kr_rules] 데드락 해제 진입 — BREAKOUT L1 (정지 4.0 s)
[kr_rules] 정적 장애물 회피 — right 로 경로 시프트 (id=[5], 구간 4591~4981, p1, single)
t=  15.1  road/lane=    173/1  s_route=  452.0m  v= 0.00→ 1.00 m/s  steer=-0.024  accel=+0.80  route_end
t=  16.1  road/lane=    173/1  s_route=  452.0m  v= 0.00→ 1.00 m/s  steer=-0.024  accel=+0.80  route_end
t=  17.1  road/lane=    173/1  s_route=  452.0m  v= 0.00→ 1.00 m/s  steer=-0.024  accel=+0.80  route_end
[kr_rules] 데드락 해제 진입 — BREAKOUT L1 (정지 4.0 s)
[kr_rules] 정적 장애물 회피 — right 로 경로 시프트 (id=[5], 구간 4591~4981, p1, single)
[main] 틱 1946회 종료
