[kr_rules] finish_xy 출처: route.pkl(CSV 마지막 행)
t=   0.0  road/lane=   1222/1  s_route=    0.5m  v= 0.00→ 1.20 m/s  steer=-0.041  accel=+0.10  light
t=   1.0  road/lane=   1222/1  s_route=   14.1m  v= 4.76→ 5.92 m/s  steer=-0.019  accel=+0.93  light
t=   2.0  road/lane=   1222/2  s_route=   55.3m  v= 9.40→10.14 m/s  steer=-0.001  accel=+0.59  light
t=   3.0  road/lane=   1222/2  s_route=  134.3m  v=12.16→12.20 m/s  steer=-0.000  accel=-0.05  lead
t=   4.0  road/lane=  1241/-1  s_route=  176.8m  v= 5.13→ 8.33 m/s  steer=-0.002  accel=+2.00  none
t=   5.0  road/lane=  1241/-1  s_route=  215.4m  v= 8.85→ 8.33 m/s  steer=-0.001  accel=-0.27  none
t=   6.0  road/lane=    173/1  s_route=  240.7m  v= 1.70→ 6.94 m/s  steer=+0.012  accel=-0.70  none
[kr_rules] 데드락 해제 진입 — BREAKOUT L1 (기각 4.0 s)
t=   7.0  road/lane=    173/2  s_route=  259.9m  v= 6.72→ 6.94 m/s  steer=+0.096  accel=+0.12  none
[kr_rules] 정적 장애물 회피 — left 로 경로 시프트 (id=[2], 구간 2842~3468, p1, single)
t=   8.1  road/lane=    173/1  s_route=  301.3m  v= 4.18→ 6.84 m/s  steer=-0.056  accel=-2.83  route_end
t=   9.1  road/lane=    173/1  s_route=  321.9m  v= 5.20→ 5.90 m/s  steer=+0.002  accel=+0.56  light
t=  10.1  road/lane=    173/2  s_route=  364.3m  v= 6.46→ 6.69 m/s  steer=+0.002  accel=-0.15  light
[kr_rules] 정적 장애물 회피 — left 로 경로 시프트 (id=[3, 4], 구간 4150~4882, p1, single)
t=  11.1  road/lane=    173/2  s_route=  397.5m  v= 3.57→ 4.61 m/s  steer=+0.003  accel=-2.50  light
t=  12.1  road/lane=    173/1  s_route=  431.9m  v= 5.39→ 5.57 m/s  steer=-0.120  accel=+0.14  route_end
t=  13.1  road/lane=    173/1  s_route=  454.4m  v= 0.00→ 0.80 m/s  steer=-0.039  accel=+0.64  route_end
t=  14.1  road/lane=    173/1  s_route=  454.4m  v= 0.00→ 0.00 m/s  steer=-0.039  accel=-1.00  route_end
t=  15.1  road/lane=    173/1  s_route=  454.4m  v= 0.00→ 0.00 m/s  steer=-0.039  accel=-1.00  route_end
t=  16.1  road/lane=    173/1  s_route=  454.4m  v= 0.00→ 0.00 m/s  steer=-0.039  accel=-1.00  route_end
t=  17.1  road/lane=    173/1  s_route=  454.4m  v= 0.00→ 0.80 m/s  steer=-0.039  accel=+0.30  route_end
[kr_rules] 데드락 해제 진입 — BREAKOUT L1 (정지 4.0 s)
[kr_rules] 정적 장애물 회피 — right 로 경로 시프트 (id=[5], 구간 4594~4981, p1, single)
t=  18.1  road/lane=    173/1  s_route=  454.4m  v= 0.00→ 0.80 m/s  steer=-0.039  accel=+0.64  route_end
[kr_rules] BREAKOUT 단계 상승 → L2
[kr_rules] 정적 장애물 회피 — right 로 경로 시프트 (id=[5], 구간 4594~4981, p1, single)
[kr_rules] BREAKOUT 단계 상승 → L3
[kr_rules] 정적 장애물 회피 — right 로 경로 시프트 (id=[5], 구간 4591~4981, p1, single)
t=  19.1  road/lane=    173/1  s_route=  454.4m  v= 0.00→ 0.80 m/s  steer=-0.039  accel=+0.64  route_end
[kr_rules] BREAKOUT 단계 상승 → L4
[kr_rules] 정적 장애물 회피 — right 로 경로 시프트 (id=[5], 구간 4591~4981, p1, single)
[main] 틱 2132회 종료
