[kr_rules] finish_xy 출처: route.pkl(CSV 마지막 행)
t=   0.0  road/lane=  2467/-1  s_route=    0.5m  v= 0.00→ 1.19 m/s  steer=+0.000  accel=+0.10  lead
t=   1.0  road/lane=  2467/-1  s_route=   24.2m  v= 6.21→ 7.29 m/s  steer=+0.000  accel=+0.87  light
t=   2.0  road/lane=  2467/-1  s_route=   74.2m  v= 1.45→ 8.33 m/s  steer=-0.029  accel=+2.00  none
t=   3.0  road/lane=  2542/-1  s_route=  108.0m  v= 1.57→ 2.67 m/s  steer=-0.001  accel=+0.20  lead
t=   4.0  road/lane=  2542/-1  s_route=  122.6m  v= 4.89→ 5.87 m/s  steer=+0.114  accel=+0.78  lead
t=   5.0  road/lane=  2542/-1  s_route=  145.3m  v= 7.97→ 8.33 m/s  steer=-0.033  accel=-0.04  none
t=   6.0  road/lane=   2533/2  s_route=  181.2m  v=12.11→12.50 m/s  steer=-0.003  accel=+0.31  none
[kr_rules] 정적 장애물 회피 — right 로 경로 시프트 (id=[2], 구간 2296~3038, p1, single)
t=   7.0  road/lane=   2533/2  s_route=  222.3m  v= 7.29→ 8.49 m/s  steer=+0.001  accel=-3.30  route_end
t=   8.0  road/lane=   2533/3  s_route=  275.1m  v= 8.06→ 8.43 m/s  steer=+0.016  accel=-0.40  route_end
[kr_rules] 정적 장애물 회피 — right 로 경로 시프트 (id=[7, 3, 4], 구간 3101~4067, p1, single)
t=   9.0  road/lane=   2533/3  s_route=  333.1m  v= 5.74→ 6.86 m/s  steer=+0.084  accel=+0.89  light
t=  10.0  road/lane=   2533/3  s_route=  377.6m  v= 3.30→ 4.48 m/s  steer=-0.000  accel=+0.95  light
t=  11.1  road/lane=   2533/3  s_route=  446.1m  v=12.28→12.50 m/s  steer=-0.000  accel=+0.17  none
t=  12.1  road/lane=  2765/-2  s_route=  498.6m  v= 7.11→ 7.58 m/s  steer=+0.026  accel=+0.31  route_end
t=  13.1  road/lane=   2756/2  s_route=  536.2m  v= 7.82→ 8.18 m/s  steer=+0.003  accel=+0.29  route_end
t=  14.1  road/lane=   2756/2  s_route=  584.1m  v= 9.93→10.12 m/s  steer=-0.006  accel=+0.15  route_end
t=  15.1  road/lane=   2756/2  s_route=  638.8m  v= 2.40→ 1.34 m/s  steer=-0.001  accel=-4.00  route_end
[main] 틱 1822회 종료
