[kr_rules] finish_xy 출처: route.pkl(CSV 마지막 행)
t=   0.0  road/lane=   1222/1  s_route=    0.5m  v= 0.00→ 1.20 m/s  steer=-0.041  accel=+0.10  light
t=   1.0  road/lane=   1222/2  s_route=   38.7m  v= 7.92→ 8.87 m/s  steer=+0.011  accel=+0.76  light
t=   2.0  road/lane=   1222/2  s_route=  127.0m  v=12.21→12.50 m/s  steer=-0.000  accel=+0.01  none
t=   3.0  road/lane=  1241/-1  s_route=  176.5m  v= 4.04→ 8.33 m/s  steer=-0.002  accel=+2.00  none
t=   4.0  road/lane=  1241/-1  s_route=  216.6m  v= 8.34→ 8.33 m/s  steer=-0.001  accel=-0.32  none
t=   5.0  road/lane=    173/1  s_route=  237.1m  v= 1.87→ 6.94 m/s  steer=+0.007  accel=-0.80  none
t=   6.0  road/lane=    173/1  s_route=  242.5m  v= 2.40→ 6.94 m/s  steer=+0.012  accel=+2.00  none
[kr_rules] 데드락 해제 진입 — BREAKOUT L1 (기각 4.0 s)
[kr_rules] BREAKOUT 단계 상승 → L2
[kr_rules] 정적 장애물 회피 — left 로 경로 시프트 (id=[2], 구간 2856~3454, p1, single)
t=   7.0  road/lane=    173/3  s_route=  262.3m  v= 6.58→ 6.38 m/s  steer=+0.113  accel=-0.71  route_end
t=   8.0  road/lane=    173/1  s_route=  303.0m  v= 6.24→ 5.95 m/s  steer=-0.077  accel=-0.62  route_end
t=   9.0  road/lane=    173/2  s_route=  350.5m  v= 4.92→ 5.70 m/s  steer=-0.030  accel=+0.62  light
[kr_rules] 정적 장애물 회피 — left 로 경로 시프트 (id=[3, 4], 구간 4162~4870, p1, single)
t=  10.0  road/lane=    173/2  s_route=  392.7m  v= 6.54→ 5.54 m/s  steer=+0.009  accel=-0.98  route_end
t=  11.0  road/lane=    173/2  s_route=  413.2m  v= 4.96→ 5.29 m/s  steer=-0.013  accel=+0.13  route_end
t=  12.1  road/lane=    173/1  s_route=  451.8m  v= 2.07→ 3.71 m/s  steer=-0.023  accel=-1.89  route_end
[kr_rules] 데드락 해제 진입 — BREAKOUT L1 (정지 4.0 s)
[kr_rules] 정적 장애물 회피 — right 로 경로 시프트 (id=[5], 구간 4591~4981, p1, single)
t=  13.1  road/lane=    173/1  s_route=  452.0m  v= 0.00→ 1.00 m/s  steer=-0.024  accel=+0.80  route_end
t=  14.1  road/lane=    173/1  s_route=  452.0m  v= 0.00→ 1.00 m/s  steer=-0.024  accel=+0.80  route_end
t=  15.1  road/lane=    173/1  s_route=  452.0m  v= 0.00→ 1.00 m/s  steer=-0.024  accel=+0.80  route_end
t=  16.1  road/lane=    173/1  s_route=  452.0m  v= 0.00→ 1.00 m/s  steer=-0.024  accel=+0.80  route_end
t=  17.1  road/lane=    173/1  s_route=  452.0m  v= 0.00→ 1.00 m/s  steer=-0.024  accel=+0.80  route_end
[kr_rules] 데드락 해제 진입 — BREAKOUT L1 (정지 4.0 s)
[kr_rules] 정적 장애물 회피 — right 로 경로 시프트 (id=[5], 구간 4591~4981, p1, single)
[main] 틱 1946회 종료
