[kr_rules] finish_xy 출처: route.pkl(CSV 마지막 행)
t=   0.0  road/lane=  2467/-1  s_route=    0.5m  v= 0.00→ 1.19 m/s  steer=-0.000  accel=+0.10  lead
t=   1.0  road/lane=  2467/-1  s_route=   14.3m  v= 4.82→ 5.96 m/s  steer=-0.000  accel=+0.91  lead
t=   2.0  road/lane=  2467/-2  s_route=   58.1m  v= 9.39→ 8.84 m/s  steer=+0.002  accel=-0.44  route_end
t=   3.0  road/lane=  2467/-1  s_route=   81.0m  v= 4.98→ 8.33 m/s  steer=-0.009  accel=+2.00  none
t=   4.0  road/lane=  2542/-1  s_route=  107.7m  v= 1.68→ 2.76 m/s  steer=-0.001  accel=-0.10  lead
t=   5.0  road/lane=  2542/-1  s_route=  120.2m  v= 4.63→ 5.64 m/s  steer=+0.027  accel=+0.81  lead
t=   6.0  road/lane=  2542/-1  s_route=  146.0m  v= 8.17→ 8.33 m/s  steer=-0.039  accel=+0.13  none
t=   7.0  road/lane=   2533/2  s_route=  192.1m  v=12.35→12.50 m/s  steer=+0.003  accel=+0.12  none
[kr_rules] 정적 장애물 회피 — right 로 경로 시프트 (id=[2], 구간 2296~3038, p1, single)
t=   8.1  road/lane=   2533/2  s_route=  237.6m  v= 4.34→ 8.41 m/s  steer=-0.047  accel=+2.00  route_end
[kr_rules] 정적 장애물 회피 — right 로 경로 시프트 (id=[7, 3, 4], 구간 3101~4067, p1, single)
t=   9.1  road/lane=   2533/2  s_route=  306.8m  v= 8.25→ 7.61 m/s  steer=-0.002  accel=-1.02  route_end
t=  10.1  road/lane=   2533/3  s_route=  344.8m  v= 7.38→ 8.38 m/s  steer=-0.005  accel=+0.80  light
t=  11.1  road/lane=   2533/3  s_route=  376.0m  v= 2.84→ 4.03 m/s  steer=+0.000  accel=+0.95  light
t=  12.1  road/lane=   2533/3  s_route=  415.8m  v= 8.49→12.50 m/s  steer=+0.008  accel=+2.00  none
t=  13.1  road/lane=   2533/3  s_route=  477.0m  v= 6.70→ 8.33 m/s  steer=-0.000  accel=-3.00  none
t=  14.1  road/lane=  2765/-2  s_route=  505.8m  v= 7.64→ 7.92 m/s  steer=+0.000  accel=+0.22  route_end
t=  15.1  road/lane=   2756/2  s_route=  554.5m  v= 8.39→ 8.71 m/s  steer=-0.001  accel=+0.26  route_end
t=  16.1  road/lane=   2756/2  s_route=  623.8m  v= 9.58→ 9.53 m/s  steer=-0.001  accel=-0.99  route_end
[main] 틱 1822회 종료
