[kr_rules] finish_xy 출처: route.pkl(CSV 마지막 행)
t=   0.0  road/lane=   1222/1  s_route=    0.5m  v= 0.00→ 1.20 m/s  steer=-0.041  accel=+0.10  light
t=   1.0  road/lane=   1222/2  s_route=   21.3m  v= 6.11→ 7.21 m/s  steer=+0.005  accel=+0.88  light
t=   2.0  road/lane=   1222/2  s_route=   79.1m  v=10.37→12.50 m/s  steer=+0.000  accel=+0.50  none
t=   3.0  road/lane=   1222/2  s_route=  151.4m  v=12.31→ 8.33 m/s  steer=-0.000  accel=-3.28  none
t=   4.0  road/lane=  1241/-1  s_route=  178.3m  v= 4.70→ 8.33 m/s  steer=-0.002  accel=+2.00  none
t=   5.0  road/lane=  1241/-1  s_route=  207.2m  v= 8.31→ 8.33 m/s  steer=-0.000  accel=+0.02  none
t=   6.0  road/lane=    173/1  s_route=  235.9m  v= 2.99→ 6.94 m/s  steer=+0.005  accel=-1.90  none
t=   7.0  road/lane=    173/1  s_route=  243.9m  v= 3.29→ 6.94 m/s  steer=+0.013  accel=+2.00  none
[kr_rules] 데드락 해제 진입 — BREAKOUT L1 (기각 4.0 s)
[kr_rules] BREAKOUT 단계 상승 → L2
[kr_rules] 정적 장애물 회피 — left 로 경로 시프트 (id=[2], 구간 2856~3454, p1, single)
t=   8.0  road/lane=    173/2  s_route=  277.0m  v= 5.69→ 6.38 m/s  steer=+0.043  accel=+0.31  route_end
t=   9.0  road/lane=    173/1  s_route=  325.8m  v= 5.15→ 5.86 m/s  steer=-0.075  accel=-0.22  light
t=  10.0  road/lane=    173/2  s_route=  363.5m  v= 6.27→ 6.58 m/s  steer=+0.000  accel=+0.25  light
[kr_rules] 정적 장애물 회피 — left 로 경로 시프트 (id=[3, 4], 구간 4162~4870, p1, single)
t=  11.1  road/lane=    173/2  s_route=  397.5m  v= 5.18→ 5.54 m/s  steer=+0.003  accel=-3.60  route_end
t=  12.1  road/lane=    173/2  s_route=  411.6m  v= 4.78→ 5.29 m/s  steer=-0.012  accel=+0.41  route_end
t=  13.1  road/lane=    173/1  s_route=  445.9m  v= 6.32→ 5.59 m/s  steer=+0.022  accel=-2.00  route_end
[kr_rules] 데드락 해제 진입 — BREAKOUT L1 (정지 4.0 s)
[kr_rules] 정적 장애물 회피 — right 로 경로 시프트 (id=[5], 구간 4591~4981, p1, single)
t=  14.1  road/lane=    173/1  s_route=  452.0m  v= 0.00→ 0.00 m/s  steer=-0.024  accel=-1.00  route_end
t=  15.1  road/lane=    173/1  s_route=  452.0m  v= 0.00→ 0.00 m/s  steer=-0.024  accel=-1.00  route_end
t=  16.1  road/lane=    173/1  s_route=  452.0m  v= 0.00→ 0.00 m/s  steer=-0.024  accel=-1.00  route_end
t=  17.2  road/lane=    173/1  s_route=  452.0m  v= 0.00→ 0.00 m/s  steer=-0.024  accel=-1.00  route_end
[kr_rules] 데드락 해제 진입 — BREAKOUT L1 (정지 4.0 s)
[kr_rules] 정적 장애물 회피 — right 로 경로 시프트 (id=[5], 구간 4591~4981, p1, single)
[main] 틱 1946회 종료
