[kr_rules] finish_xy 출처: route.pkl(CSV 마지막 행)
t=   0.0  road/lane=  2467/-1  s_route=    0.5m  v= 0.00→ 1.18 m/s  steer=-0.000  accel=+0.10  lead
t=   1.0  road/lane=  2467/-1  s_route=   19.6m  v= 5.68→ 6.79 m/s  steer=-0.000  accel=+0.88  lead
t=   2.0  road/lane=  2467/-1  s_route=   79.7m  v= 4.06→ 8.33 m/s  steer=-0.017  accel=+2.00  none
t=   3.0  road/lane=  2542/-1  s_route=  128.7m  v= 7.96→ 8.09 m/s  steer=+0.379  accel=+0.10  lead
t=   4.0  road/lane=   2533/2  s_route=  162.3m  v= 8.99→ 9.80 m/s  steer=-0.001  accel=+0.65  light
t=   5.0  road/lane=   2533/2  s_route=  198.8m  v=10.89→11.33 m/s  steer=-0.005  accel=+0.36  light
[kr_rules] 정적 장애물 회피 — right 로 경로 시프트 (id=[16, 2], 구간 2175~3094, p1, single)
t=   6.0  road/lane=   2533/2  s_route=  227.6m  v= 0.20→10.13 m/s  steer=-0.030  accel=+1.30  route_end
t=   7.0  road/lane=   2533/3  s_route=  254.1m  v= 8.75→10.05 m/s  steer=+0.003  accel=+0.89  route_end
t=   8.0  road/lane=   2533/2  s_route=  309.3m  v= 0.00→ 0.00 m/s  steer=-0.036  accel=-1.00  route_end
t=   9.0  road/lane=   2533/2  s_route=  309.3m  v= 0.00→ 0.00 m/s  steer=-0.036  accel=-1.00  route_end
t=  10.0  road/lane=   2533/2  s_route=  311.8m  v= 0.73→ 0.80 m/s  steer=-0.009  accel=+0.05  route_end
[kr_rules] 데드락 해제 진입 — BREAKOUT L1 (기각 4.0 s)
[kr_rules] BREAKOUT 단계 상승 → L2
[kr_rules] BREAKOUT 단계 상승 → L3
t=  11.0  road/lane=   2533/2  s_route=  316.8m  v= 0.75→ 0.80 m/s  steer=+0.008  accel=-0.14  route_end
t=  12.1  road/lane=   2533/2  s_route=  317.4m  v= 0.00→ 0.00 m/s  steer=+0.007  accel=-1.00  lead
t=  13.1  road/lane=   2533/2  s_route=  317.4m  v= 0.00→ 0.00 m/s  steer=+0.007  accel=-1.00  lead
t=  14.1  road/lane=   2533/2  s_route=  317.4m  v= 0.00→ 0.00 m/s  steer=+0.007  accel=-1.00  lead
t=  15.1  road/lane=   2533/2  s_route=  317.4m  v= 0.00→ 0.00 m/s  steer=+0.007  accel=-1.00  route_end
t=  16.1  road/lane=   2533/2  s_route=  317.4m  v= 0.00→ 0.00 m/s  steer=+0.007  accel=-1.00  route_end
t=  17.1  road/lane=   2533/2  s_route=  317.5m  v= 0.07→ 0.13 m/s  steer=+0.007  accel=+0.05  lead
[kr_rules] 데드락 해제 진입 — BREAKOUT L1 (기각 4.0 s)
[kr_rules] BREAKOUT 단계 상승 → L2
t=  18.1  road/lane=   2533/2  s_route=  317.6m  v= 0.00→ 0.00 m/s  steer=+0.007  accel=-1.00  lead
[kr_rules] BREAKOUT 단계 상승 → L3
[kr_rules] BREAKOUT 단계 상승 → L4
t=  19.1  road/lane=   2533/2  s_route=  319.2m  v= 0.01→ 0.00 m/s  steer=+0.004  accel=-1.00  lead
t=  20.1  road/lane=   2533/2  s_route=  319.2m  v= 0.00→ 0.00 m/s  steer=+0.004  accel=-1.00  lead
t=  21.1  road/lane=   2533/2  s_route=  319.2m  v= 0.00→ 0.00 m/s  steer=+0.004  accel=-1.00  lead
t=  22.1  road/lane=   2533/2  s_route=  319.2m  v= 0.00→ 0.00 m/s  steer=+0.004  accel=-1.00  lead
t=  23.1  road/lane=   2533/2  s_route=  319.2m  v= 0.00→ 0.00 m/s  steer=+0.004  accel=-1.00  lead
t=  24.2  road/lane=   2533/2  s_route=  319.2m  v= 0.00→ 0.00 m/s  steer=+0.004  accel=-1.00  lead
[kr_rules] 데드락 해제 진입 — BREAKOUT L1 (기각 4.0 s)
t=  25.2  road/lane=   2533/2  s_route=  319.2m  v= 0.00→ 0.00 m/s  steer=+0.004  accel=-1.00  lead
[kr_rules] BREAKOUT 단계 상승 → L2
[kr_rules] BREAKOUT 단계 상승 → L3
[main] 틱 2399회 종료
