[kr_rules] finish_xy 출처: route.pkl(CSV 마지막 행)
t=   0.0  road/lane=   1222/1  s_route=    0.5m  v= 0.00→ 1.20 m/s  steer=-0.041  accel=+0.10  light
t=   1.0  road/lane=   1222/2  s_route=   39.2m  v= 7.95→ 8.89 m/s  steer=+0.008  accel=+0.75  light
t=   2.0  road/lane=   1222/2  s_route=  131.3m  v=12.46→12.50 m/s  steer=-0.000  accel=+0.03  none
t=   3.0  road/lane=  1241/-1  s_route=  177.8m  v= 5.75→ 8.33 m/s  steer=-0.002  accel=+2.00  none
t=   4.0  road/lane=  1241/-1  s_route=  222.3m  v= 8.85→ 8.33 m/s  steer=+0.024  accel=-0.18  none
t=   5.0  road/lane=    173/1  s_route=  241.5m  v= 1.30→ 6.94 m/s  steer=+0.012  accel=+1.40  none
[kr_rules] 데드락 해제 진입 — BREAKOUT L1 (기각 4.0 s)
[kr_rules] 정적 장애물 회피 — left 로 경로 시프트 (id=[2], 구간 2860~3450, p1, single)
t=   6.0  road/lane=    173/2  s_route=  278.2m  v= 4.17→ 6.25 m/s  steer=+0.048  accel=+1.66  route_end
t=   7.0  road/lane=    173/1  s_route=  322.2m  v= 5.45→ 5.75 m/s  steer=-0.004  accel=-0.30  route_end
t=   8.0  road/lane=    173/2  s_route=  359.3m  v= 6.80→ 6.87 m/s  steer=+0.008  accel=+0.06  light
[kr_rules] 정적 장애물 회피 — left 로 경로 시프트 (id=[3, 4], 구간 4162~4870, p1, single)
t=   9.0  road/lane=    173/2  s_route=  387.9m  v= 6.73→ 6.83 m/s  steer=-0.000  accel=+0.08  light
t=  10.1  road/lane=    173/2  s_route=  401.6m  v= 0.93→ 2.12 m/s  steer=-0.002  accel=+0.96  light
t=  11.1  road/lane=    173/2  s_route=  429.6m  v= 5.07→ 5.29 m/s  steer=-0.084  accel=+0.18  route_end
t=  12.1  road/lane=    173/1  s_route=  454.3m  v= 0.13→ 0.80 m/s  steer=-0.038  accel=+0.40  route_end
t=  13.1  road/lane=    173/1  s_route=  455.5m  v= 0.00→ 0.00 m/s  steer=-0.042  accel=-1.00  route_end
t=  14.1  road/lane=    173/1  s_route=  455.5m  v= 0.00→ 0.00 m/s  steer=-0.042  accel=-1.00  route_end
t=  15.1  road/lane=    173/1  s_route=  455.5m  v= 0.00→ 0.00 m/s  steer=-0.042  accel=-1.00  route_end
t=  16.1  road/lane=    173/1  s_route=  455.5m  v= 0.00→ 0.00 m/s  steer=-0.042  accel=-1.00  route_end
t=  17.1  road/lane=    173/1  s_route=  455.7m  v= 0.41→ 0.80 m/s  steer=-0.042  accel=+0.31  route_end
t=  18.1  road/lane=    173/1  s_route=  458.6m  v= 0.74→ 0.80 m/s  steer=-0.032  accel=-0.00  route_end
t=  19.1  road/lane=    173/1  s_route=  462.0m  v= 0.76→ 0.80 m/s  steer=-0.024  accel=+0.03  route_end
t=  20.1  road/lane=    173/1  s_route=  466.4m  v= 0.00→ 0.00 m/s  steer=-0.040  accel=-1.00  route_end
t=  21.1  road/lane=    173/1  s_route=  466.4m  v= 0.00→ 0.00 m/s  steer=-0.040  accel=-1.00  route_end
t=  22.1  road/lane=    173/1  s_route=  466.4m  v= 0.00→ 0.00 m/s  steer=-0.040  accel=-1.00  route_end
t=  23.1  road/lane=    173/1  s_route=  466.4m  v= 0.00→ 0.00 m/s  steer=-0.040  accel=-1.00  route_end
t=  24.1  road/lane=    173/1  s_route=  467.5m  v= 0.77→ 0.80 m/s  steer=-0.064  accel=+0.03  route_end
t=  25.1  road/lane=    173/1  s_route=  470.5m  v= 0.75→ 0.80 m/s  steer=-0.138  accel=+0.04  route_end
t=  26.1  road/lane=    173/1  s_route=  471.6m  v= 0.00→ 0.00 m/s  steer=-0.150  accel=-1.00  route_end
[kr_rules] 데드락 해제 진입 — BREAKOUT L1 (정지 4.0 s)
[kr_rules] BREAKOUT 단계 상승 → L2
t=  27.1  road/lane=    173/1  s_route=  471.6m  v= 0.00→ 0.00 m/s  steer=-0.150  accel=-1.00  route_end
t=  28.1  road/lane=    173/1  s_route=  471.6m  v= 0.00→ 0.00 m/s  steer=-0.150  accel=-1.00  route_end
t=  29.1  road/lane=    173/1  s_route=  471.6m  v= 0.00→ 0.00 m/s  steer=-0.150  accel=-1.00  route_end
t=  30.1  road/lane=    173/1  s_route=  471.6m  v= 0.00→ 0.00 m/s  steer=-0.150  accel=-1.00  route_end
t=  31.1  road/lane=    173/1  s_route=  471.6m  v= 0.00→ 0.00 m/s  steer=-0.150  accel=-1.00  route_end
[main] 틱 3469회 종료
